[C:/Users/E3D-02/Documents/HTTRACK/SITES/automatetheboringstuff/python exercices corrigés/python.developpez.com/cours/apprendre-python-3/indexa20d.html]
[C:/Users/E3D-02/Documents/HTTRACK/SITES/automatetheboringstuff/python exercices corrigés/backblue.gif]
[C:/Users/E3D-02/Documents/HTTRACK/SITES/automatetheboringstuff/python exercices corrigés/fade.gif]
[C:/Users/E3D-02/Documents/HTTRACK/SITES/automatetheboringstuff/python exercices corrigés/index.html]
[C:/Users/E3D-02/Documents/HTTRACK/SITES/automatetheboringstuff/python exercices corrigés/www.developpez.com/template/images/logo.png]
[C:/Users/E3D-02/Documents/HTTRACK/SITES/automatetheboringstuff/python exercices corrigés/python.developpez.com/template/scripts/jquery-1.7.2.js]
[C:/Users/E3D-02/Documents/HTTRACK/SITES/automatetheboringstuff/python exercices corrigés/python.developpez.com/cours/apprendre-python-3/indexa20d.html]
[C:/Users/E3D-02/Documents/HTTRACK/SITES/automatetheboringstuff/python exercices corrigés/www.googletagservices.com/tag/js/gpt.js]
[C:/Users/E3D-02/Documents/HTTRACK/SITES/automatetheboringstuff/python exercices corrigés/pagead2.googlesyndication.com/pagead/js/f.txt]
[C:/Users/E3D-02/Documents/HTTRACK/SITES/automatetheboringstuff/python exercices corrigés/python.developpez.com/template/gabarite3be.css]
[C:/Users/E3D-02/Documents/HTTRACK/SITES/automatetheboringstuff/python exercices corrigés/python.developpez.com/cours/apprendre-python-3/index.html]
[C:/Users/E3D-02/Documents/HTTRACK/SITES/automatetheboringstuff/python exercices corrigés/www.developpez.com/facebook-icon.png]
[C:/Users/E3D-02/Documents/HTTRACK/SITES/automatetheboringstuff/python exercices corrigés/python.developpez.com/template/gabarit-mobilee3be.css]
[C:/Users/E3D-02/Documents/HTTRACK/SITES/automatetheboringstuff/python exercices corrigés/python.developpez.com/template/gabarit-mobilee3be.js]
[C:/Users/E3D-02/Documents/HTTRACK/SITES/automatetheboringstuff/python exercices corrigés/python.developpez.com/template/printer.css]
[C:/Users/E3D-02/Documents/HTTRACK/SITES/automatetheboringstuff/python exercices corrigés/python.developpez.com/template/kit/code.css]
[C:/Users/E3D-02/Documents/HTTRACK/SITES/automatetheboringstuff/python exercices corrigés/python.developpez.com/template/kit/mathjax-dvp/MathJax22c4.js]
[C:/Users/E3D-02/Documents/HTTRACK/SITES/automatetheboringstuff/python exercices corrigés/python.developpez.com/template/kit/lightbox.2.51.css]
[C:/Users/E3D-02/Documents/HTTRACK/SITES/automatetheboringstuff/python exercices corrigés/python.developpez.com/template/kit/developpez-kit-generation.js]
[C:/Users/E3D-02/Documents/HTTRACK/SITES/automatetheboringstuff/python exercices corrigés/python.developpez.com/template/gabarite3be.css]
[C:/Users/E3D-02/Documents/HTTRACK/SITES/automatetheboringstuff/python exercices corrigés/python.developpez.com/template/printer.css]
[C:/Users/E3D-02/Documents/HTTRACK/SITES/automatetheboringstuff/python exercices corrigés/python.developpez.com/template/gabarit-mobilee3be.css]
[C:/Users/E3D-02/Documents/HTTRACK/SITES/automatetheboringstuff/python exercices corrigés/python.developpez.com/template/kit/lightbox.2.51.js]
[C:/Users/E3D-02/Documents/HTTRACK/SITES/automatetheboringstuff/python exercices corrigés/python.developpez.com/template/images/logo-dvp-h55.png]
[C:/Users/E3D-02/Documents/HTTRACK/SITES/automatetheboringstuff/python exercices corrigés/python.developpez.com/template/images/logo-mobile.png]
[C:/Users/E3D-02/Documents/HTTRACK/SITES/automatetheboringstuff/python exercices corrigés/python.developpez.com/template/kit/code.css]
[C:/Users/E3D-02/Documents/HTTRACK/SITES/automatetheboringstuff/python exercices corrigés/python.developpez.com/template/kit/fonctions-kit.js]
[C:/Users/E3D-02/Documents/HTTRACK/SITES/automatetheboringstuff/python exercices corrigés/python.developpez.com/cours/apprendre-python-3/images/python3-01.png]
[C:/Users/E3D-02/Documents/HTTRACK/SITES/automatetheboringstuff/python exercices corrigés/python.developpez.com/cours/apprendre-python-3/indexe857.html]
[C:/Users/E3D-02/Documents/HTTRACK/SITES/automatetheboringstuff/python exercices corrigés/python.developpez.com/template/kit/fleche-haut-bleue.png]
[C:/Users/E3D-02/Documents/HTTRACK/SITES/automatetheboringstuff/python exercices corrigés/python.developpez.com/template/kit/fleche-bas-bleue.png]
[C:/Users/E3D-02/Documents/HTTRACK/SITES/automatetheboringstuff/python exercices corrigés/python.developpez.com/template/kit/kitprecedent.png]
[C:/Users/E3D-02/Documents/HTTRACK/SITES/automatetheboringstuff/python exercices corrigés/python.developpez.com/cours/apprendre-python-3/.html]
[C:/Users/E3D-02/Documents/HTTRACK/SITES/automatetheboringstuff/python exercices corrigés/python.developpez.com/template/kit/lightbox.2.51.css]
[C:/Users/E3D-02/Documents/HTTRACK/SITES/automatetheboringstuff/python exercices corrigés/python.developpez.com/cours/apprendre-python-3/indexe857.html]
[C:/Users/E3D-02/Documents/HTTRACK/SITES/automatetheboringstuff/python exercices corrigés/python.developpez.com/cours/apprendre-python-3/indexa91c.html]
[C:/Users/E3D-02/Documents/HTTRACK/SITES/automatetheboringstuff/python exercices corrigés/python.developpez.com/template/kit/kitsommaire.png]
[C:/Users/E3D-02/Documents/HTTRACK/SITES/automatetheboringstuff/python exercices corrigés/python.developpez.com/template/kit/kitsuivant.png]
[C:/Users/E3D-02/Documents/HTTRACK/SITES/automatetheboringstuff/python exercices corrigés/www.developpez.com/template/kit/kitbm-viadeo.png]
[C:/Users/E3D-02/Documents/HTTRACK/SITES/automatetheboringstuff/python exercices corrigés/www.developpez.com/template/kit/kitbm-twitter.png]
[C:/Users/E3D-02/Documents/HTTRACK/SITES/automatetheboringstuff/python exercices corrigés/www.developpez.com/template/kit/kitbm-facebook.png]
[C:/Users/E3D-02/Documents/HTTRACK/SITES/automatetheboringstuff/python exercices corrigés/python.developpez.com/cours/apprendre-python-3/.html]
[C:/Users/E3D-02/Documents/HTTRACK/SITES/automatetheboringstuff/python exercices corrigés/python.developpez.com/cours/apprendre-python-3/indexa91c.html]
[C:/Users/E3D-02/Documents/HTTRACK/SITES/automatetheboringstuff/python exercices corrigés/platform.linkedin.com/in.js]
[C:/Users/E3D-02/Documents/HTTRACK/SITES/automatetheboringstuff/python exercices corrigés/python.developpez.com/template/images/developpez.com.png]
[C:/Users/E3D-02/Documents/HTTRACK/SITES/automatetheboringstuff/python exercices corrigés/python.developpez.com/template/images/gabarit-icons.png]
[C:/Users/E3D-02/Documents/HTTRACK/SITES/automatetheboringstuff/python exercices corrigés/python.developpez.com/template/images/pub728.png]
[C:/Users/E3D-02/Documents/HTTRACK/SITES/automatetheboringstuff/python exercices corrigés/python.developpez.com/template/images/pub300.png]
[C:/Users/E3D-02/Documents/HTTRACK/SITES/automatetheboringstuff/python exercices corrigés/python.developpez.com/template/images/gabarit-home.png]
[C:/Users/E3D-02/Documents/HTTRACK/SITES/automatetheboringstuff/python exercices corrigés/python.developpez.com/template/kit/developpez-kit-generation.html]
[C:/Users/E3D-02/Documents/HTTRACK/SITES/automatetheboringstuff/python exercices corrigés/python.developpez.com/template/images/social.png]
[C:/Users/E3D-02/Documents/HTTRACK/SITES/automatetheboringstuff/python exercices corrigés/python.developpez.com/cours/apprendre-python-3/index6668.html]
[C:/Users/E3D-02/Documents/HTTRACK/SITES/automatetheboringstuff/python exercices corrigés/python.developpez.com/cours/apprendre-python-3/925b.html]
[C:/Users/E3D-02/Documents/HTTRACK/SITES/automatetheboringstuff/python exercices corrigés/python.developpez.com/cours/apprendre-python-3/32da.html]
[C:/Users/E3D-02/Documents/HTTRACK/SITES/automatetheboringstuff/python exercices corrigés/python.developpez.com/cours/apprendre-python-3/466e.html]
[C:/Users/E3D-02/Documents/HTTRACK/SITES/automatetheboringstuff/python exercices corrigés/python.developpez.com/cours/apprendre-python-3/a1f7.html]
[C:/Users/E3D-02/Documents/HTTRACK/SITES/automatetheboringstuff/python exercices corrigés/www.developpez.com/template/kit/lightbox-btn-prev.png]
[C:/Users/E3D-02/Documents/HTTRACK/SITES/automatetheboringstuff/python exercices corrigés/python.developpez.com/cours/apprendre-python-3/2454.html]
[C:/Users/E3D-02/Documents/HTTRACK/SITES/automatetheboringstuff/python exercices corrigés/www.developpez.com/template/kit/lightbox-btn-next.png]
[C:/Users/E3D-02/Documents/HTTRACK/SITES/automatetheboringstuff/python exercices corrigés/python.developpez.com/cours/apprendre-python-3/76b3.html]
[C:/Users/E3D-02/Documents/HTTRACK/SITES/automatetheboringstuff/python exercices corrigés/python.developpez.com/cours/apprendre-python-3/7059.html]
[C:/Users/E3D-02/Documents/HTTRACK/SITES/automatetheboringstuff/python exercices corrigés/python.developpez.com/cours/apprendre-python-3/646c.html]
[C:/Users/E3D-02/Documents/HTTRACK/SITES/automatetheboringstuff/python exercices corrigés/python.developpez.com/cours/apprendre-python-3/6c52.html]
[C:/Users/E3D-02/Documents/HTTRACK/SITES/automatetheboringstuff/python exercices corrigés/python.developpez.com/cours/apprendre-python-3/bf52.html]
[C:/Users/E3D-02/Documents/HTTRACK/SITES/automatetheboringstuff/python exercices corrigés/python.developpez.com/cours/apprendre-python-3/2f63.html]
[C:/Users/E3D-02/Documents/HTTRACK/SITES/automatetheboringstuff/python exercices corrigés/python.developpez.com/cours/apprendre-python-3/33fb.html]
[C:/Users/E3D-02/Documents/HTTRACK/SITES/automatetheboringstuff/python exercices corrigés/python.developpez.com/cours/apprendre-python-3/6668.html]
[C:/Users/E3D-02/Documents/HTTRACK/SITES/automatetheboringstuff/python exercices corrigés/python.developpez.com/cours/apprendre-python-3/e857.html]
[C:/Users/E3D-02/Documents/HTTRACK/SITES/automatetheboringstuff/python exercices corrigés/python.developpez.com/cours/apprendre-python-3/a20d.html]
[C:/Users/E3D-02/Documents/HTTRACK/SITES/automatetheboringstuff/python exercices corrigés/python.developpez.com/cours/apprendre-python-3/a91c.html]
[C:/Users/E3D-02/Documents/HTTRACK/SITES/automatetheboringstuff/python exercices corrigés/python.developpez.com/cours/apprendre-python-3/c835.html]
[C:/Users/E3D-02/Documents/HTTRACK/SITES/automatetheboringstuff/python exercices corrigés/python.developpez.com/cours/apprendre-python-3/c525.html]
[C:/Users/E3D-02/Documents/HTTRACK/SITES/automatetheboringstuff/python exercices corrigés/python.developpez.com/cours/apprendre-python-3/283d.html]
[C:/Users/E3D-02/Documents/HTTRACK/SITES/automatetheboringstuff/python exercices corrigés/python.developpez.com/cours/apprendre-python-3/8220.html]
[C:/Users/E3D-02/Documents/HTTRACK/SITES/automatetheboringstuff/python exercices corrigés/www.gstatic.com/images/icons/gplus-16.png]
[C:/Users/E3D-02/Documents/HTTRACK/SITES/automatetheboringstuff/python exercices corrigés/www.developpez.com/template/kit/kitstars-5-0.png]
[C:/Users/E3D-02/Documents/HTTRACK/SITES/automatetheboringstuff/python exercices corrigés/python.developpez.com/cours/apprendre-python-3/indexc835.html]
[C:/Users/E3D-02/Documents/HTTRACK/SITES/automatetheboringstuff/python exercices corrigés/www.developpez.com/template/kit/kitbm-site-personnel.png]
[C:/Users/E3D-02/Documents/HTTRACK/SITES/automatetheboringstuff/python exercices corrigés/www.developpez.com/template/kit/kiticopdf.png]
[C:/Users/E3D-02/Documents/HTTRACK/SITES/automatetheboringstuff/python exercices corrigés/www.developpez.com/template/kit/kiticozip.png]
[C:/Users/E3D-02/Documents/HTTRACK/SITES/automatetheboringstuff/python exercices corrigés/www.developpez.com/template/kit/kitebooks.png]
[C:/Users/E3D-02/Documents/HTTRACK/SITES/automatetheboringstuff/python exercices corrigés/www.developpez.com/template/kit/ent-entete.png]
[C:/Users/E3D-02/Documents/HTTRACK/SITES/automatetheboringstuff/python exercices corrigés/www.developpez.com/template/kit/kitidea.png]
[C:/Users/E3D-02/Documents/HTTRACK/SITES/automatetheboringstuff/python exercices corrigés/www.developpez.com/template/kit/kitwarning.png]
[C:/Users/E3D-02/Documents/HTTRACK/SITES/automatetheboringstuff/python exercices corrigés/www.developpez.com/template/kit/kitinfo.png]
[C:/Users/E3D-02/Documents/HTTRACK/SITES/automatetheboringstuff/python exercices corrigés/www.developpez.com/template/kit/kiterror.png]
[C:/Users/E3D-02/Documents/HTTRACK/SITES/automatetheboringstuff/python exercices corrigés/www.developpez.com/template/kit/ent-niveau0.png]
[C:/Users/E3D-02/Documents/HTTRACK/SITES/automatetheboringstuff/python exercices corrigés/www.developpez.com/template/kit/ent-niveau1.png]
[C:/Users/E3D-02/Documents/HTTRACK/SITES/automatetheboringstuff/python exercices corrigés/www.developpez.com/template/kit/ent-niveau2.png]
[C:/Users/E3D-02/Documents/HTTRACK/SITES/automatetheboringstuff/python exercices corrigés/www.developpez.com/template/kit/ent-niveau3.png]
[C:/Users/E3D-02/Documents/HTTRACK/SITES/automatetheboringstuff/python exercices corrigés/www.developpez.com/template/kit/ent-niveau4.png]
[C:/Users/E3D-02/Documents/HTTRACK/SITES/automatetheboringstuff/python exercices corrigés/www.developpez.com/template/kit/ent-niveau5.png]
[C:/Users/E3D-02/Documents/HTTRACK/SITES/automatetheboringstuff/python exercices corrigés/www.developpez.com/template/kit/fr.png]
[C:/Users/E3D-02/Documents/HTTRACK/SITES/automatetheboringstuff/python exercices corrigés/www.developpez.com/template/kit/kitfaq.png]
[C:/Users/E3D-02/Documents/HTTRACK/SITES/automatetheboringstuff/python exercices corrigés/www.developpez.com/template/kit/en.png]
[C:/Users/E3D-02/Documents/HTTRACK/SITES/automatetheboringstuff/python exercices corrigés/www.developpez.com/template/kit/kitsrc.png]
[C:/Users/E3D-02/Documents/HTTRACK/SITES/automatetheboringstuff/python exercices corrigés/www.developpez.com/template/kit/kitdico.png]
[C:/Users/E3D-02/Documents/HTTRACK/SITES/automatetheboringstuff/python exercices corrigés/www.developpez.com/template/kit/kitsrcs.png]
[C:/Users/E3D-02/Documents/HTTRACK/SITES/automatetheboringstuff/python exercices corrigés/www.developpez.com/template/kit/icozip.png]
[C:/Users/E3D-02/Documents/HTTRACK/SITES/automatetheboringstuff/python exercices corrigés/www.developpez.com/template/kit/icopdf.png]
[C:/Users/E3D-02/Documents/HTTRACK/SITES/automatetheboringstuff/python exercices corrigés/www.developpez.com/template/kit/mailto.png]
[C:/Users/E3D-02/Documents/HTTRACK/SITES/automatetheboringstuff/python exercices corrigés/www.developpez.com/template/kit/https.png]
[C:/Users/E3D-02/Documents/HTTRACK/SITES/automatetheboringstuff/python exercices corrigés/www.developpez.com/template/kit/ftp.png]
[C:/Users/E3D-02/Documents/HTTRACK/SITES/automatetheboringstuff/python exercices corrigés/www.developpez.com/template/kit/news.png]
[C:/Users/E3D-02/Documents/HTTRACK/SITES/automatetheboringstuff/python exercices corrigés/www.developpez.com/template/kit/link.png]
[C:/Users/E3D-02/Documents/HTTRACK/SITES/automatetheboringstuff/python exercices corrigés/www.developpez.com/template/kit/auteurs-icone.png]
[C:/Users/E3D-02/Documents/HTTRACK/SITES/automatetheboringstuff/python exercices corrigés/www.developpez.com/template/kit/kitintervenant.png]
[C:/Users/E3D-02/Documents/HTTRACK/SITES/automatetheboringstuff/python exercices corrigés/www.developpez.com/template/kit/kitcours-input-fond.png]
[C:/Users/E3D-02/Documents/HTTRACK/SITES/automatetheboringstuff/python exercices corrigés/www.developpez.com/template/kit/kitlivrepuce.png]
[C:/Users/E3D-02/Documents/HTTRACK/SITES/automatetheboringstuff/python exercices corrigés/www.developpez.com/template/kit/kitlivrebg.png]
[C:/Users/E3D-02/Documents/HTTRACK/SITES/automatetheboringstuff/python exercices corrigés/www.developpez.com/template/kit/faqTitre1.png]
[C:/Users/E3D-02/Documents/HTTRACK/SITES/automatetheboringstuff/python exercices corrigés/www.developpez.com/template/kit/faqTitre.png]
[C:/Users/E3D-02/Documents/HTTRACK/SITES/automatetheboringstuff/python exercices corrigés/www.developpez.com/template/kit/kitlivrelien.png]
[C:/Users/E3D-02/Documents/HTTRACK/SITES/automatetheboringstuff/python exercices corrigés/www.developpez.com/template/kit/onglet.png]
[C:/Users/E3D-02/Documents/HTTRACK/SITES/automatetheboringstuff/python exercices corrigés/www.developpez.com/template/kit/ongletActif.png]
[C:/Users/E3D-02/Documents/HTTRACK/SITES/automatetheboringstuff/python exercices corrigés/www.developpez.com/template/kit/kitcoursbg.png]
[C:/Users/E3D-02/Documents/HTTRACK/SITES/automatetheboringstuff/python exercices corrigés/www.developpez.com/template/kit/kitlivrepoint.png]
[C:/Users/E3D-02/Documents/HTTRACK/SITES/automatetheboringstuff/python exercices corrigés/www.developpez.com/template/kit/kitlivrearrow.png]
[C:/Users/E3D-02/Documents/HTTRACK/SITES/automatetheboringstuff/python exercices corrigés/www.developpez.com/template/kit/kitlivrearrowH.png]
[C:/Users/E3D-02/Documents/HTTRACK/SITES/automatetheboringstuff/python exercices corrigés/python.developpez.com/template/kit/developpez-kit-generation.html]
[C:/Users/E3D-02/Documents/HTTRACK/SITES/automatetheboringstuff/python exercices corrigés/python.developpez.com/cours/apprendre-python-3/index6668.html]
[C:/Users/E3D-02/Documents/HTTRACK/SITES/automatetheboringstuff/python exercices corrigés/python.developpez.com/cours/apprendre-python-3/925b.html]
[C:/Users/E3D-02/Documents/HTTRACK/SITES/automatetheboringstuff/python exercices corrigés/python.developpez.com/cours/apprendre-python-3/index33fb.html]
[C:/Users/E3D-02/Documents/HTTRACK/SITES/automatetheboringstuff/python exercices corrigés/python.developpez.com/cours/apprendre-python-3/32da.html]
[C:/Users/E3D-02/Documents/HTTRACK/SITES/automatetheboringstuff/python exercices corrigés/python.developpez.com/cours/apprendre-python-3/index466e.html]
[C:/Users/E3D-02/Documents/HTTRACK/SITES/automatetheboringstuff/python exercices corrigés/python.developpez.com/cours/apprendre-python-3/images/python3-48.png]
[C:/Users/E3D-02/Documents/HTTRACK/SITES/automatetheboringstuff/python exercices corrigés/python.developpez.com/cours/apprendre-python-3/images/python3-49.png]
[C:/Users/E3D-02/Documents/HTTRACK/SITES/automatetheboringstuff/python exercices corrigés/python.developpez.com/cours/apprendre-python-3/images/python3-001.png]
[C:/Users/E3D-02/Documents/HTTRACK/SITES/automatetheboringstuff/python exercices corrigés/python.developpez.com/cours/apprendre-python-3/index2f63.html]
[C:/Users/E3D-02/Documents/HTTRACK/SITES/automatetheboringstuff/python exercices corrigés/python.developpez.com/cours/apprendre-python-3/images/python3-002.png]
[C:/Users/E3D-02/Documents/HTTRACK/SITES/automatetheboringstuff/python exercices corrigés/python.developpez.com/cours/apprendre-python-3/images/python3-003.png]
[C:/Users/E3D-02/Documents/HTTRACK/SITES/automatetheboringstuff/python exercices corrigés/python.developpez.com/cours/apprendre-python-3/images/python3-004.png]
[C:/Users/E3D-02/Documents/HTTRACK/SITES/automatetheboringstuff/python exercices corrigés/python.developpez.com/cours/apprendre-python-3/images/python3-005.png]
[C:/Users/E3D-02/Documents/HTTRACK/SITES/automatetheboringstuff/python exercices corrigés/python.developpez.com/cours/apprendre-python-3/466e.html]
[C:/Users/E3D-02/Documents/HTTRACK/SITES/automatetheboringstuff/python exercices corrigés/python.developpez.com/cours/apprendre-python-3/images/python2-1.png]
[C:/Users/E3D-02/Documents/HTTRACK/SITES/automatetheboringstuff/python exercices corrigés/python.developpez.com/cours/apprendre-python-3/index2454.html]
[C:/Users/E3D-02/Documents/HTTRACK/SITES/automatetheboringstuff/python exercices corrigés/python.developpez.com/cours/apprendre-python-3/a1f7.html]
[C:/Users/E3D-02/Documents/HTTRACK/SITES/automatetheboringstuff/python exercices corrigés/python.developpez.com/cours/apprendre-python-3/images/python3-03.png]
[C:/Users/E3D-02/Documents/HTTRACK/SITES/automatetheboringstuff/python exercices corrigés/python.developpez.com/cours/apprendre-python-3/images/python3-04.png]
[C:/Users/E3D-02/Documents/HTTRACK/SITES/automatetheboringstuff/python exercices corrigés/python.developpez.com/cours/apprendre-python-3/images/python3-05.png]
[C:/Users/E3D-02/Documents/HTTRACK/SITES/automatetheboringstuff/python exercices corrigés/python.developpez.com/cours/apprendre-python-3/images/python3-06.png]
[C:/Users/E3D-02/Documents/HTTRACK/SITES/automatetheboringstuff/python exercices corrigés/python.developpez.com/cours/apprendre-python-3/2454.html]
[C:/Users/E3D-02/Documents/HTTRACK/SITES/automatetheboringstuff/python exercices corrigés/python.developpez.com/cours/apprendre-python-3/images/python3-07.png]
[C:/Users/E3D-02/Documents/HTTRACK/SITES/automatetheboringstuff/python exercices corrigés/python.developpez.com/cours/apprendre-python-3/images/python3-08.png]
[C:/Users/E3D-02/Documents/HTTRACK/SITES/automatetheboringstuff/python exercices corrigés/python.developpez.com/cours/apprendre-python-3/7059.html]
[C:/Users/E3D-02/Documents/HTTRACK/SITES/automatetheboringstuff/python exercices corrigés/python.developpez.com/cours/apprendre-python-3/76b3.html]
[C:/Users/E3D-02/Documents/HTTRACK/SITES/automatetheboringstuff/python exercices corrigés/python.developpez.com/cours/apprendre-python-3/images/python3-09.png]
[C:/Users/E3D-02/Documents/HTTRACK/SITES/automatetheboringstuff/python exercices corrigés/python.developpez.com/cours/apprendre-python-3/images/python3-10.png]
[C:/Users/E3D-02/Documents/HTTRACK/SITES/automatetheboringstuff/python exercices corrigés/python.developpez.com/cours/apprendre-python-3/images/python3-11.png]
[C:/Users/E3D-02/Documents/HTTRACK/SITES/automatetheboringstuff/python exercices corrigés/python.developpez.com/cours/apprendre-python-3/images/python3-12.png]
[C:/Users/E3D-02/Documents/HTTRACK/SITES/automatetheboringstuff/python exercices corrigés/python.developpez.com/cours/apprendre-python-3/images/python3-16.png]
[C:/Users/E3D-02/Documents/HTTRACK/SITES/automatetheboringstuff/python exercices corrigés/python.developpez.com/cours/apprendre-python-3/images/python3-15.png]
[C:/Users/E3D-02/Documents/HTTRACK/SITES/automatetheboringstuff/python exercices corrigés/python.developpez.com/cours/apprendre-python-3/images/python3-13.png]
[C:/Users/E3D-02/Documents/HTTRACK/SITES/automatetheboringstuff/python exercices corrigés/python.developpez.com/cours/apprendre-python-3/images/python3-14.png]
[C:/Users/E3D-02/Documents/HTTRACK/SITES/automatetheboringstuff/python exercices corrigés/python.developpez.com/cours/apprendre-python-3/6c52.html]
[C:/Users/E3D-02/Documents/HTTRACK/SITES/automatetheboringstuff/python exercices corrigés/python.developpez.com/cours/apprendre-python-3/646c.html]
[C:/Users/E3D-02/Documents/HTTRACK/SITES/automatetheboringstuff/python exercices corrigés/python.developpez.com/cours/apprendre-python-3/images/python3-18.png]
[C:/Users/E3D-02/Documents/HTTRACK/SITES/automatetheboringstuff/python exercices corrigés/python.developpez.com/cours/apprendre-python-3/images/python3-19.png]
[C:/Users/E3D-02/Documents/HTTRACK/SITES/automatetheboringstuff/python exercices corrigés/python.developpez.com/cours/apprendre-python-3/images/python3-17.png]
[C:/Users/E3D-02/Documents/HTTRACK/SITES/automatetheboringstuff/python exercices corrigés/python.developpez.com/cours/apprendre-python-3/images/python3-20.png]
[C:/Users/E3D-02/Documents/HTTRACK/SITES/automatetheboringstuff/python exercices corrigés/python.developpez.com/cours/apprendre-python-3/images/python3-21.png]
[C:/Users/E3D-02/Documents/HTTRACK/SITES/automatetheboringstuff/python exercices corrigés/python.developpez.com/cours/apprendre-python-3/images/python3-22.png]
[C:/Users/E3D-02/Documents/HTTRACK/SITES/automatetheboringstuff/python exercices corrigés/python.developpez.com/cours/apprendre-python-3/images/python3-23.png]
[C:/Users/E3D-02/Documents/HTTRACK/SITES/automatetheboringstuff/python exercices corrigés/python.developpez.com/cours/apprendre-python-3/bf52.html]
[C:/Users/E3D-02/Documents/HTTRACK/SITES/automatetheboringstuff/python exercices corrigés/python.developpez.com/cours/apprendre-python-3/images/python3-25.png]
[C:/Users/E3D-02/Documents/HTTRACK/SITES/automatetheboringstuff/python exercices corrigés/python.developpez.com/cours/apprendre-python-3/images/python3-24.png]
[C:/Users/E3D-02/Documents/HTTRACK/SITES/automatetheboringstuff/python exercices corrigés/python.developpez.com/cours/apprendre-python-3/images/python3-26.png]
[C:/Users/E3D-02/Documents/HTTRACK/SITES/automatetheboringstuff/python exercices corrigés/python.developpez.com/cours/apprendre-python-3/2f63.html]
[C:/Users/E3D-02/Documents/HTTRACK/SITES/automatetheboringstuff/python exercices corrigés/python.developpez.com/cours/apprendre-python-3/33fb.html]
[C:/Users/E3D-02/Documents/HTTRACK/SITES/automatetheboringstuff/python exercices corrigés/python.developpez.com/cours/apprendre-python-3/index7059.html]
[C:/Users/E3D-02/Documents/HTTRACK/SITES/automatetheboringstuff/python exercices corrigés/python.developpez.com/cours/apprendre-python-3/6668.html]
[C:/Users/E3D-02/Documents/HTTRACK/SITES/automatetheboringstuff/python exercices corrigés/python.developpez.com/cours/apprendre-python-3/e857.html]
[C:/Users/E3D-02/Documents/HTTRACK/SITES/automatetheboringstuff/python exercices corrigés/python.developpez.com/cours/apprendre-python-3/images/python3-27.png]
[C:/Users/E3D-02/Documents/HTTRACK/SITES/automatetheboringstuff/python exercices corrigés/python.developpez.com/cours/apprendre-python-3/images/python3-28.png]
[C:/Users/E3D-02/Documents/HTTRACK/SITES/automatetheboringstuff/python exercices corrigés/python.developpez.com/cours/apprendre-python-3/a20d.html]
[C:/Users/E3D-02/Documents/HTTRACK/SITES/automatetheboringstuff/python exercices corrigés/python.developpez.com/cours/apprendre-python-3/images/python3-29.png]
[C:/Users/E3D-02/Documents/HTTRACK/SITES/automatetheboringstuff/python exercices corrigés/python.developpez.com/cours/apprendre-python-3/images/python3-30.png]
[C:/Users/E3D-02/Documents/HTTRACK/SITES/automatetheboringstuff/python exercices corrigés/python.developpez.com/cours/apprendre-python-3/a91c.html]
[C:/Users/E3D-02/Documents/HTTRACK/SITES/automatetheboringstuff/python exercices corrigés/python.developpez.com/cours/apprendre-python-3/images/python3-31.png]
[C:/Users/E3D-02/Documents/HTTRACK/SITES/automatetheboringstuff/python exercices corrigés/python.developpez.com/cours/apprendre-python-3/images/python3-32.png]
[C:/Users/E3D-02/Documents/HTTRACK/SITES/automatetheboringstuff/python exercices corrigés/python.developpez.com/cours/apprendre-python-3/c835.html]
[C:/Users/E3D-02/Documents/HTTRACK/SITES/automatetheboringstuff/python exercices corrigés/python.developpez.com/cours/apprendre-python-3/images/python3-33.png]
[C:/Users/E3D-02/Documents/HTTRACK/SITES/automatetheboringstuff/python exercices corrigés/python.developpez.com/cours/apprendre-python-3/c525.html]
[C:/Users/E3D-02/Documents/HTTRACK/SITES/automatetheboringstuff/python exercices corrigés/python.developpez.com/cours/apprendre-python-3/images/python3-34.png]
[C:/Users/E3D-02/Documents/HTTRACK/SITES/automatetheboringstuff/python exercices corrigés/python.developpez.com/cours/apprendre-python-3/index6c52.html]
[C:/Users/E3D-02/Documents/HTTRACK/SITES/automatetheboringstuff/python exercices corrigés/python.developpez.com/cours/apprendre-python-3/283d.html]
[C:/Users/E3D-02/Documents/HTTRACK/SITES/automatetheboringstuff/python exercices corrigés/python.developpez.com/cours/apprendre-python-3/images/python3-36.png]
[C:/Users/E3D-02/Documents/HTTRACK/SITES/automatetheboringstuff/python exercices corrigés/python.developpez.com/cours/apprendre-python-3/images/python3-35.png]
[C:/Users/E3D-02/Documents/HTTRACK/SITES/automatetheboringstuff/python exercices corrigés/python.developpez.com/cours/apprendre-python-3/images/python3-37.png]
[C:/Users/E3D-02/Documents/HTTRACK/SITES/automatetheboringstuff/python exercices corrigés/python.developpez.com/cours/apprendre-python-3/8220.html]
[C:/Users/E3D-02/Documents/HTTRACK/SITES/automatetheboringstuff/python exercices corrigés/python.developpez.com/cours/apprendre-python-3/images/python3-38.png]
[C:/Users/E3D-02/Documents/HTTRACK/SITES/automatetheboringstuff/python exercices corrigés/python.developpez.com/cours/apprendre-python-3/images/python3-39.png]
[C:/Users/E3D-02/Documents/HTTRACK/SITES/automatetheboringstuff/python exercices corrigés/python.developpez.com/cours/apprendre-python-3/images/python3-40.png]
[C:/Users/E3D-02/Documents/HTTRACK/SITES/automatetheboringstuff/python exercices corrigés/python.developpez.com/cours/apprendre-python-3/images/python3-41.png]
[C:/Users/E3D-02/Documents/HTTRACK/SITES/automatetheboringstuff/python exercices corrigés/python.developpez.com/cours/apprendre-python-3/python-3.epub]
[C:/Users/E3D-02/Documents/HTTRACK/SITES/automatetheboringstuff/python exercices corrigés/python.developpez.com/cours/apprendre-python-3/images/python3-42.png]
[C:/Users/E3D-02/Documents/HTTRACK/SITES/automatetheboringstuff/python exercices corrigés/python.developpez.com/cours/apprendre-python-3/indexbf52.html]
[C:/Users/E3D-02/Documents/HTTRACK/SITES/automatetheboringstuff/python exercices corrigés/python.developpez.com/cours/apprendre-python-3/python-3.azw]
[C:/Users/E3D-02/Documents/HTTRACK/SITES/automatetheboringstuff/python exercices corrigés/python.developpez.com/cours/apprendre-python-3/images/python3-43.png]
[C:/Users/E3D-02/Documents/HTTRACK/SITES/automatetheboringstuff/python exercices corrigés/python.developpez.com/cours/apprendre-python-3/images/python3-44.png]
[C:/Users/E3D-02/Documents/HTTRACK/SITES/automatetheboringstuff/python exercices corrigés/python.developpez.com/cours/apprendre-python-3/images/python3-45.png]
[C:/Users/E3D-02/Documents/HTTRACK/SITES/automatetheboringstuff/python exercices corrigés/python.developpez.com/cours/apprendre-python-3/python-3.mobi]
[C:/Users/E3D-02/Documents/HTTRACK/SITES/automatetheboringstuff/python exercices corrigés/python.developpez.com/cours/apprendre-python-3/images/python3-46.png]
[C:/Users/E3D-02/Documents/HTTRACK/SITES/automatetheboringstuff/python exercices corrigés/python.developpez.com/cours/apprendre-python-3/images/python3-47.png]
[C:/Users/E3D-02/Documents/HTTRACK/SITES/automatetheboringstuff/python exercices corrigés/python.developpez.com/cours/apprendre-python-3/images/memento1.png]
[C:/Users/E3D-02/Documents/HTTRACK/SITES/automatetheboringstuff/python exercices corrigés/python.developpez.com/cours/apprendre-python-3/indexc835.html]
[C:/Users/E3D-02/Documents/HTTRACK/SITES/automatetheboringstuff/python exercices corrigés/python.developpez.com/cours/apprendre-python-3/images/memento1-mini.png]
[C:/Users/E3D-02/Documents/HTTRACK/SITES/automatetheboringstuff/python exercices corrigés/python.developpez.com/cours/apprendre-python-3/images/memento2.png]
[C:/Users/E3D-02/Documents/HTTRACK/SITES/automatetheboringstuff/python exercices corrigés/python.developpez.com/cours/apprendre-python-3/images/memento2-mini.png]
[C:/Users/E3D-02/Documents/HTTRACK/SITES/automatetheboringstuff/python exercices corrigés/python.developpez.com/cours/apprendre-python-3/images/memento3.png]
[C:/Users/E3D-02/Documents/HTTRACK/SITES/automatetheboringstuff/python exercices corrigés/python.developpez.com/cours/apprendre-python-3/index32da.html]
[C:/Users/E3D-02/Documents/HTTRACK/SITES/automatetheboringstuff/python exercices corrigés/python.developpez.com/cours/apprendre-python-3/images/memento3-mini.png]
[C:/Users/E3D-02/Documents/HTTRACK/SITES/automatetheboringstuff/python exercices corrigés/python.developpez.com/cours/apprendre-python-3/index646c.html]
[C:/Users/E3D-02/Documents/HTTRACK/SITES/automatetheboringstuff/python exercices corrigés/python.developpez.com/cours/apprendre-python-3/index76b3.html]
[C:/Users/E3D-02/Documents/HTTRACK/SITES/automatetheboringstuff/python exercices corrigés/python.developpez.com/cours/apprendre-python-3/images/memento4.png]
[C:/Users/E3D-02/Documents/HTTRACK/SITES/automatetheboringstuff/python exercices corrigés/python.developpez.com/cours/apprendre-python-3/indexa1f7.html]
[C:/Users/E3D-02/Documents/HTTRACK/SITES/automatetheboringstuff/python exercices corrigés/python.developpez.com/cours/apprendre-python-3/index33fb.html]
[C:/Users/E3D-02/Documents/HTTRACK/SITES/automatetheboringstuff/python exercices corrigés/python.developpez.com/cours/apprendre-python-3/index466e.html]
[C:/Users/E3D-02/Documents/HTTRACK/SITES/automatetheboringstuff/python exercices corrigés/python.developpez.com/cours/apprendre-python-3/index2f63.html]
[C:/Users/E3D-02/Documents/HTTRACK/SITES/automatetheboringstuff/python exercices corrigés/python.developpez.com/cours/apprendre-python-3/index2454.html]
[C:/Users/E3D-02/Documents/HTTRACK/SITES/automatetheboringstuff/python exercices corrigés/python.developpez.com/cours/apprendre-python-3/index7059.html]
[C:/Users/E3D-02/Documents/HTTRACK/SITES/automatetheboringstuff/python exercices corrigés/python.developpez.com/cours/apprendre-python-3/index6c52.html]
[C:/Users/E3D-02/Documents/HTTRACK/SITES/automatetheboringstuff/python exercices corrigés/python.developpez.com/cours/apprendre-python-3/indexc525.html]
[C:/Users/E3D-02/Documents/HTTRACK/SITES/automatetheboringstuff/python exercices corrigés/python.developpez.com/cours/apprendre-python-3/indexbf52.html]
[C:/Users/E3D-02/Documents/HTTRACK/SITES/automatetheboringstuff/python exercices corrigés/python.developpez.com/cours/apprendre-python-3/images/memento4-mini.png]
[C:/Users/E3D-02/Documents/HTTRACK/SITES/automatetheboringstuff/python exercices corrigés/python.developpez.com/cours/apprendre-python-3/index32da.html]
[C:/Users/E3D-02/Documents/HTTRACK/SITES/automatetheboringstuff/python exercices corrigés/python.developpez.com/cours/apprendre-python-3/index646c.html]
[C:/Users/E3D-02/Documents/HTTRACK/SITES/automatetheboringstuff/python exercices corrigés/python.developpez.com/cours/apprendre-python-3/index76b3.html]
[C:/Users/E3D-02/Documents/HTTRACK/SITES/automatetheboringstuff/python exercices corrigés/python.developpez.com/cours/apprendre-python-3/indexa1f7.html]
[C:/Users/E3D-02/Documents/HTTRACK/SITES/automatetheboringstuff/python exercices corrigés/python.developpez.com/cours/apprendre-python-3/indexc525.html]
[C:/Users/E3D-02/Documents/HTTRACK/SITES/automatetheboringstuff/python exercices corrigés/python.developpez.com/cours/apprendre-python-3/index925b.html]
[C:/Users/E3D-02/Documents/HTTRACK/SITES/automatetheboringstuff/python exercices corrigés/python.developpez.com/cours/apprendre-python-3/index925b.html]
[C:/Users/E3D-02/Documents/HTTRACK/SITES/automatetheboringstuff/python exercices corrigés/python.developpez.com/cours/apprendre-python-3/index283d.html]
[C:/Users/E3D-02/Documents/HTTRACK/SITES/automatetheboringstuff/python exercices corrigés/python.developpez.com/cours/apprendre-python-3/index283d.html]
[C:/Users/E3D-02/Documents/HTTRACK/SITES/automatetheboringstuff/python exercices corrigés/python.developpez.com/cours/apprendre-python-3/index8220.html]
[C:/Users/E3D-02/Documents/HTTRACK/SITES/automatetheboringstuff/python exercices corrigés/python.developpez.com/cours/apprendre-python-3/index8220.html]
